albar@LAPTOP-KPE2403U MINGW64 ~
$ cd '/d/Project 1'

albar@LAPTOP-KPE2403U MINGW64 /d/Project 1
$ git clone https://github.com/sofia-guo/GitHub-Collaboration-Practice.git
Cloning into 'GitHub-Collaboration-Practice'...
remote: Enumerating objects: 29, done.
remote: Counting objects: 100% (29/29), done.
remote: Compressing objects: 100% (23/23), done.
remote: Total 29 (delta 6), reused 12 (delta 2), pack-reused 0
Receiving objects: 100% (29/29), 4.93 KiB | 388.00 KiB/s, done.
Resolving deltas: 100% (6/6), done.

albar@LAPTOP-KPE2403U MINGW64 /d/Project 1
$ cd "D:\Project 1\GitHub-Collaboration-Practice"

albar@LAPTOP-KPE2403U MINGW64 /d/Project 1/GitHub-Collaboration-Practice (main)
$ git checkout -b Neena_main
Switched to a new branch 'Neena_main'

albar@LAPTOP-KPE2403U MINGW64 /d/Project 1/GitHub-Collaboration-Practice (Neena_main)
$ nano group_project.txt

albar@LAPTOP-KPE2403U MINGW64 /d/Project 1/GitHub-Collaboration-Practice (Neena_main)
$ git add *

albar@LAPTOP-KPE2403U MINGW64 /d/Project 1/GitHub-Collaboration-Practice (Neena_main)
$ git commit - m "Neena's info"
error: pathspec '-' did not match any file(s) known to git
error: pathspec 'm' did not match any file(s) known to git
error: pathspec 'Neena's info' did not match any file(s) known to git

albar@LAPTOP-KPE2403U MINGW64 /d/Project 1/GitHub-Collaboration-Practice (Neena_main)
$ git commit -m "Neena's degree info"
[Neena_main 536fe40] Neena's degree info
 1 file changed, 1 insertion(+)

albar@LAPTOP-KPE2403U MINGW64 /d/Project 1/GitHub-Collaboration-Practice (Neena_main)
$ git checkout main
Switched to branch 'main'
Your branch is up to date with 'origin/main'.

albar@LAPTOP-KPE2403U MINGW64 /d/Project 1/GitHub-Collaboration-Practice (main)
$ git merge --no-commit --no-ff Neena_main
Automatic merge went well; stopped before committing as requested

albar@LAPTOP-KPE2403U MINGW64 /d/Project 1/GitHub-Collaboration-Practice (main)
$ git branch
  Neena_main
* main

albar@LAPTOP-KPE2403U MINGW64 /d/Project 1/GitHub-Collaboration-Practice (main)
$ git merge Neena_main
Updating 849ce0f..8ea6bcb
Fast-forward
 N_file.txt        | 84 +++++++++++++++++++++++++++++++++++++++++++++++++++++++
 group_project.txt |  1 +
 2 files changed, 85 insertions(+)
 create mode 100644 N_file.txt

albar@LAPTOP-KPE2403U MINGW64 /d/Project 1/GitHub-Collaboration-Practice (main)
$ git checkout
Your branch is ahead of 'origin/main' by 2 commits.
  (use "git push" to publish your local commits)

albar@LAPTOP-KPE2403U MINGW64 /d/Project 1/GitHub-Collaboration-Practice (main)
$ git branch
  Neena_main
* main

albar@LAPTOP-KPE2403U MINGW64 /d/Project 1/GitHub-Collaboration-Practice (main)
$ git status
On branch main
Your branch is ahead of 'origin/main' by 2 commits.
  (use "git push" to publish your local commits)

nothing to commit, working tree clean


